
> backend@1.0.0 start
> node server.js

◇ injected env (8) from .env
◇ injected env (0) from .env
Server running on port 8000
ERROR 💥: Project not found
Error: Project not found
    at PROJECT_NOT_FOUND (C:\Users\anute\Desktop\SpaceEzy\Spaceezy\backend\src\services\publicService.js:19:33)
    at PublicService.getProjectBySlug (C:\Users\anute\Desktop\SpaceEzy\Spaceezy\backend\src\services\publicService.js:192:29)
    at process.processTicksAndRejections (node:internal/process/task_queues:105:5)
    at async C:\Users\anute\Desktop\SpaceEzy\Spaceezy\backend\src\controllers\public.js:40:21
ERROR 💥: Project not found
Error: Project not found
    at PROJECT_NOT_FOUND (C:\Users\anute\Desktop\SpaceEzy\Spaceezy\backend\src\services\publicService.js:19:33)
    at PublicService.getProjectBySlug (C:\Users\anute\Desktop\SpaceEzy\Spaceezy\backend\src\services\publicService.js:192:29)
    at process.processTicksAndRejections (node:internal/process/task_queues:105:5)
    at async C:\Users\anute\Desktop\SpaceEzy\Spaceezy\backend\src\controllers\public.js:40:21
ERROR 💥: Property not found
Error: Property not found
    at NOT_FOUND (C:\Users\anute\Desktop\SpaceEzy\Spaceezy\backend\src\services\publicService.js:18:25)
    at PublicService.getPropertyByToken (C:\Users\anute\Desktop\SpaceEzy\Spaceezy\backend\src\services\publicService.js:356:47)
    at process.processTicksAndRejections (node:internal/process/task_queues:105:5)
    at async C:\Users\anute\Desktop\SpaceEzy\Spaceezy\backend\src\controllers\public.js:58:22
ERROR 💥: Property not found
Error: Property not found
    at NOT_FOUND (C:\Users\anute\Desktop\SpaceEzy\Spaceezy\backend\src\services\publicService.js:18:25)
    at PublicService.getPropertyByToken (C:\Users\anute\Desktop\SpaceEzy\Spaceezy\backend\src\services\publicService.js:385:30)
    at process.processTicksAndRejections (node:internal/process/task_queues:105:5)
    at async C:\Users\anute\Desktop\SpaceEzy\Spaceezy\backend\src\controllers\public.js:58:22
ERROR 💥: Property not found
Error: Property not found
    at NOT_FOUND (C:\Users\anute\Desktop\SpaceEzy\Spaceezy\backend\src\services\publicService.js:18:25)
    at PublicService.getPropertyByToken (C:\Users\anute\Desktop\SpaceEzy\Spaceezy\backend\src\services\publicService.js:385:30)
    at process.processTicksAndRejections (node:internal/process/task_queues:105:5)
    at async C:\Users\anute\Desktop\SpaceEzy\Spaceezy\backend\src\controllers\public.js:58:22
ERROR 💥: Property is not published on the public website. Publish the project and the unit before sharing.
Error: Property is not published on the public website. Publish the project and the unit before sharing.
    at LeadService.buildPropertyShare (C:\Users\anute\Desktop\SpaceEzy\Spaceezy\backend\src\services\leadService.js:1179:19)
    at process.processTicksAndRejections (node:internal/process/task_queues:105:5)
    at async C:\Users\anute\Desktop\SpaceEzy\Spaceezy\backend\src\controllers\leads.js:103:19
ERROR 💥: Lead not found
Error: Lead not found
    at LeadService.buildPropertyShare (C:\Users\anute\Desktop\SpaceEzy\Spaceezy\backend\src\services\leadService.js:1148:26)
    at process.processTicksAndRejections (node:internal/process/task_queues:105:5)
    at async C:\Users\anute\Desktop\SpaceEzy\Spaceezy\backend\src\controllers\leads.js:103:19
ERROR 💥: Property not found
Error: Property not found
    at NOT_FOUND (C:\Users\anute\Desktop\SpaceEzy\Spaceezy\backend\src\services\publicService.js:18:25)
    at PublicService.getPropertyByToken (C:\Users\anute\Desktop\SpaceEzy\Spaceezy\backend\src\services\publicService.js:385:30)
    at process.processTicksAndRejections (node:internal/process/task_queues:105:5)
    at async C:\Users\anute\Desktop\SpaceEzy\Spaceezy\backend\src\controllers\public.js:58:22
ERROR 💥: Project not found
Error: Project not found
    at PROJECT_NOT_FOUND (C:\Users\anute\Desktop\SpaceEzy\Spaceezy\backend\src\services\publicService.js:19:33)
    at PublicService.getProjectBySlug (C:\Users\anute\Desktop\SpaceEzy\Spaceezy\backend\src\services\publicService.js:192:29)
    at process.processTicksAndRejections (node:internal/process/task_queues:105:5)
    at async C:\Users\anute\Desktop\SpaceEzy\Spaceezy\backend\src\controllers\public.js:40:21
ERROR 💥: Project not found
Error: Project not found
    at PROJECT_NOT_FOUND (C:\Users\anute\Desktop\SpaceEzy\Spaceezy\backend\src\services\publicService.js:19:33)
    at PublicService.getProjectBySlug (C:\Users\anute\Desktop\SpaceEzy\Spaceezy\backend\src\services\publicService.js:192:29)
    at process.processTicksAndRejections (node:internal/process/task_queues:105:5)
    at async C:\Users\anute\Desktop\SpaceEzy\Spaceezy\backend\src\controllers\public.js:40:21
ERROR 💥: Project not found
Error: Project not found
    at PROJECT_NOT_FOUND (C:\Users\anute\Desktop\SpaceEzy\Spaceezy\backend\src\services\publicService.js:19:33)
    at PublicService.getProjectBySlug (C:\Users\anute\Desktop\SpaceEzy\Spaceezy\backend\src\services\publicService.js:192:29)
    at process.processTicksAndRejections (node:internal/process/task_queues:105:5)
    at async C:\Users\anute\Desktop\SpaceEzy\Spaceezy\backend\src\controllers\public.js:40:21
ERROR 💥: Property not found
Error: Property not found
    at NOT_FOUND (C:\Users\anute\Desktop\SpaceEzy\Spaceezy\backend\src\services\publicService.js:18:25)
    at PublicService.getPropertyByToken (C:\Users\anute\Desktop\SpaceEzy\Spaceezy\backend\src\services\publicService.js:356:47)
    at process.processTicksAndRejections (node:internal/process/task_queues:105:5)
    at async C:\Users\anute\Desktop\SpaceEzy\Spaceezy\backend\src\controllers\public.js:58:22
ERROR 💥: Property not found
Error: Property not found
    at NOT_FOUND (C:\Users\anute\Desktop\SpaceEzy\Spaceezy\backend\src\services\publicService.js:18:25)
    at PublicService.getPropertyByToken (C:\Users\anute\Desktop\SpaceEzy\Spaceezy\backend\src\services\publicService.js:385:30)
    at process.processTicksAndRejections (node:internal/process/task_queues:105:5)
    at async C:\Users\anute\Desktop\SpaceEzy\Spaceezy\backend\src\controllers\public.js:58:22
ERROR 💥: Property not found
Error: Property not found
    at NOT_FOUND (C:\Users\anute\Desktop\SpaceEzy\Spaceezy\backend\src\services\publicService.js:18:25)
    at PublicService.getPropertyByToken (C:\Users\anute\Desktop\SpaceEzy\Spaceezy\backend\src\services\publicService.js:385:30)
    at process.processTicksAndRejections (node:internal/process/task_queues:105:5)
    at async C:\Users\anute\Desktop\SpaceEzy\Spaceezy\backend\src\controllers\public.js:58:22
ERROR 💥: Property is not published on the public website. Publish the project and the unit before sharing.
Error: Property is not published on the public website. Publish the project and the unit before sharing.
    at LeadService.buildPropertyShare (C:\Users\anute\Desktop\SpaceEzy\Spaceezy\backend\src\services\leadService.js:1179:19)
    at process.processTicksAndRejections (node:internal/process/task_queues:105:5)
    at async C:\Users\anute\Desktop\SpaceEzy\Spaceezy\backend\src\controllers\leads.js:103:19
ERROR 💥: Lead not found
Error: Lead not found
    at LeadService.buildPropertyShare (C:\Users\anute\Desktop\SpaceEzy\Spaceezy\backend\src\services\leadService.js:1148:26)
    at process.processTicksAndRejections (node:internal/process/task_queues:105:5)
    at async C:\Users\anute\Desktop\SpaceEzy\Spaceezy\backend\src\controllers\leads.js:103:19
ERROR 💥: Property not found
Error: Property not found
    at NOT_FOUND (C:\Users\anute\Desktop\SpaceEzy\Spaceezy\backend\src\services\publicService.js:18:25)
    at PublicService.getPropertyByToken (C:\Users\anute\Desktop\SpaceEzy\Spaceezy\backend\src\services\publicService.js:385:30)
    at process.processTicksAndRejections (node:internal/process/task_queues:105:5)
    at async C:\Users\anute\Desktop\SpaceEzy\Spaceezy\backend\src\controllers\public.js:58:22
ERROR 💥: Project not found
Error: Project not found
    at PROJECT_NOT_FOUND (C:\Users\anute\Desktop\SpaceEzy\Spaceezy\backend\src\services\publicService.js:19:33)
    at PublicService.getProjectBySlug (C:\Users\anute\Desktop\SpaceEzy\Spaceezy\backend\src\services\publicService.js:192:29)
    at process.processTicksAndRejections (node:internal/process/task_queues:105:5)
    at async C:\Users\anute\Desktop\SpaceEzy\Spaceezy\backend\src\controllers\public.js:40:21
ERROR 💥: Property not found
Error: Property not found
    at NOT_FOUND (C:\Users\anute\Desktop\SpaceEzy\Spaceezy\backend\src\services\publicService.js:18:25)
    at PublicService.getPropertyByToken (C:\Users\anute\Desktop\SpaceEzy\Spaceezy\backend\src\services\publicService.js:385:30)
    at process.processTicksAndRejections (node:internal/process/task_queues:105:5)
    at async C:\Users\anute\Desktop\SpaceEzy\Spaceezy\backend\src\controllers\public.js:58:22
ERROR 💥: Project not found
Error: Project not found
    at PROJECT_NOT_FOUND (C:\Users\anute\Desktop\SpaceEzy\Spaceezy\backend\src\services\publicService.js:19:33)
    at PublicService.getProjectBySlug (C:\Users\anute\Desktop\SpaceEzy\Spaceezy\backend\src\services\publicService.js:192:29)
    at process.processTicksAndRejections (node:internal/process/task_queues:105:5)
    at async C:\Users\anute\Desktop\SpaceEzy\Spaceezy\backend\src\controllers\public.js:40:21
^C^C